// Jest Snapshot v1, https://goo.gl/fbAQLP

exports[`AutocompleteSuggestions should render with AutocompleteSuggestions 1`] = `[Function]`;
