// Jest Snapshot v1, https://goo.gl/fbAQLP

exports[`AutocompleteInput should render with AutocompleteInput 1`] = `[Function]`;
